2026-04-02 09:19:29,183 [INFO] ============================================================
2026-04-02 09:19:29,183 [INFO] Démarrage de la validation
2026-04-02 09:19:29,184 [INFO] ============================================================
2026-04-02 09:19:29,185 [INFO] ✓ JSON valide
2026-04-02 09:19:29,185 [INFO] ✓ Profil validé
2026-04-02 09:19:29,185 [INFO] ✓ 4 projets validés
2026-04-02 09:19:29,185 [INFO] ✓ 18 compétences validées
2026-04-02 09:19:29,186 [INFO] ✓ 5 certifications validées
2026-04-02 09:19:29,186 [INFO] ✓ 4 entrées de parcours validées
2026-04-02 09:19:29,186 [INFO] ----------------------------------------
2026-04-02 09:19:29,186 [INFO] ✓ VALIDATION RÉUSSIE — aucune erreur, aucun avertissement
2026-09-28 19:13:27,467 [INFO] ============================================================
2026-09-28 19:13:27,468 [INFO] Démarrage du scraper GitHub
2026-09-28 19:13:27,468 [INFO] ============================================================
2026-09-28 19:13:27,469 [ERROR] Erreur GitHub API : No module named 'github'
2026-09-28 19:13:27,469 [WARNING] Aucune donnée existante — écriture d'un fichier vide
2026-09-28 19:13:27,470 [INFO] Scraper GitHub terminé
2026-09-28 19:13:41,865 [INFO] ============================================================
2026-09-28 19:13:41,865 [INFO] Démarrage du scraper LinkedIn
2026-09-28 19:13:41,865 [INFO] ============================================================
2026-09-28 19:13:41,866 [INFO] Niveau 1 — Tentative 1/3
2026-09-28 19:13:41,866 [WARNING] LI_USERNAME ou LI_PASSWORD non définis — skip niveau 1
2026-09-28 19:13:41,866 [INFO] Attente de 30s avant nouvelle tentative...
2026-09-29 23:09:16,004 [INFO] ============================================================
2026-09-29 23:09:16,006 [INFO] Démarrage du scraper GitHub
2026-09-29 23:09:16,006 [INFO] ============================================================
2026-09-29 23:09:16,533 [WARNING] Pas de GITHUB_TOKEN — utilisation non-authentifiée (limites d'API plus basses)
2026-09-29 23:09:17,049 [INFO] Profil trouvé : Yanni-Delattre-Balcer (5 repos publics)
2026-09-29 23:09:18,531 [WARNING] Erreur langages pour portfolio-yannidelattrebalcer : unsupported operand type(s) for +: 'int' and 'str'
2026-09-29 23:09:19,493 [INFO]   ✓ portfolio-yannidelattrebalcer — CSS — 45 commits — maj 2026-09-28 21:37:01+00:00
2026-09-29 23:09:20,533 [WARNING] Erreur langages pour Cadenceur-couleurs : unsupported operand type(s) for +: 'int' and 'str'
2026-09-29 23:09:21,507 [INFO]   ✓ Cadenceur-couleurs — HTML — 2 commits — maj 2026-09-02 14:41:08+00:00
2026-09-29 23:09:22,578 [WARNING] Erreur langages pour Yanni-Delattre-Balcer : unsupported operand type(s) for +: 'int' and 'str'
2026-09-29 23:09:23,676 [INFO]   ✓ Yanni-Delattre-Balcer — N/A — 13 commits — maj 2026-04-27 19:09:02+00:00
2026-09-29 23:09:24,706 [WARNING] Erreur langages pour caisse_automatique_2026 : unsupported operand type(s) for +: 'int' and 'str'
2026-09-29 23:09:25,763 [INFO]   ✓ caisse_automatique_2026 — JavaScript — 25 commits — maj 2026-04-25 07:48:57+00:00
2026-09-29 23:09:26,739 [WARNING] Erreur langages pour KduFoot : unsupported operand type(s) for +: 'int' and 'str'
2026-09-29 23:09:27,864 [INFO]   ✓ KduFoot — TypeScript — 438 commits — maj 2026-04-23 13:02:55+00:00
2026-09-29 23:09:28,348 [INFO] Données sauvegardées dans C:\Users\yanni\Desktop\Development\Mon site perso\data\github_raw.json
2026-09-29 23:09:28,348 [INFO] Résumé : 5 repos retenus, 0 langages détectés
2026-09-29 23:09:28,350 [INFO] Scraper GitHub terminé
2026-09-29 23:10:54,759 [INFO] ============================================================
2026-09-29 23:10:54,760 [INFO] Démarrage du scraper GitHub
2026-09-29 23:10:54,760 [INFO] ============================================================
2026-09-29 23:10:55,335 [WARNING] Pas de GITHUB_TOKEN — utilisation non-authentifiée (limites d'API plus basses)
2026-09-29 23:10:56,061 [INFO] Profil trouvé : Yanni-Delattre-Balcer (5 repos publics)
2026-09-29 23:10:56,567 [INFO]   Exclu (nom contient 'portfolio') : portfolio-yannidelattrebalcer
2026-09-29 23:10:58,430 [INFO]   [OK] Cadenceur-couleurs - HTML - 2 commits - maj 2026-09-02 14:41:08+00:00
2026-09-29 23:10:58,430 [INFO]   Exclu (nom contient 'yanni-delattre-balcer') : Yanni-Delattre-Balcer
2026-09-29 23:11:00,411 [INFO]   [OK] caisse_automatique_2026 - JavaScript - 25 commits - maj 2026-04-25 07:48:57+00:00
2026-09-29 23:11:02,303 [INFO]   [OK] KduFoot - TypeScript - 438 commits - maj 2026-04-23 13:02:55+00:00
2026-09-29 23:11:02,829 [INFO] Données sauvegardées dans C:\Users\yanni\Desktop\Development\Mon site perso\data\github_raw.json
2026-09-29 23:11:02,829 [INFO] Résumé : 3 repos retenus, 8 langages détectés
2026-09-29 23:11:02,831 [INFO] Scraper GitHub terminé
2026-09-29 23:13:18,354 [INFO] ============================================================
2026-09-29 23:13:18,354 [INFO] Démarrage du processeur de données
2026-09-29 23:13:18,354 [INFO] ============================================================
2026-09-29 23:13:18,354 [WARNING] Fichier introuvable : C:\Users\yanni\Desktop\Development\Mon site perso\data\linkedin_raw.json
2026-09-29 23:13:18,356 [INFO] Nouveau projet GitHub ajouté : 'Cadenceur-couleurs'
2026-09-29 23:13:18,357 [INFO] Nouveau projet GitHub ajouté : 'caisse_automatique_2026'
2026-09-29 23:13:18,357 [INFO] Nouveau projet GitHub ajouté : 'KduFoot'
2026-09-29 23:13:18,357 [INFO] Projets : 4 → 7 (+3 nouveaux)
2026-09-29 23:13:18,361 [INFO] Compétences : 18 → 26
2026-09-29 23:13:18,362 [INFO] Certifications : 7 → 7
2026-09-29 23:13:18,364 [INFO] Parcours : 4 → 4
2026-09-29 23:13:18,368 [INFO] portfolio_data.json mis à jour avec succès
2026-09-29 23:13:18,368 [INFO] Résumé des changements : Projets: +3 · Compétences: 8 mises à jour · Certifications: 0 changement(s) · Parcours: 0 changement(s)
2026-09-29 23:13:18,368 [INFO] Processeur de données terminé
2026-09-29 23:14:08,579 [INFO] ============================================================
2026-09-29 23:14:08,580 [INFO] Démarrage du processeur de données
2026-09-29 23:14:08,580 [INFO] ============================================================
2026-09-29 23:14:08,580 [WARNING] Fichier introuvable : C:\Users\yanni\Desktop\Development\Mon site perso\data\linkedin_raw.json
2026-09-29 23:14:08,582 [INFO] Match trouvé : repo 'Cadenceur-couleurs' → projet 'Cadenceur-couleurs'
2026-09-29 23:14:08,585 [INFO] Nouveau projet GitHub ajouté : 'caisse_automatique_2026'
2026-09-29 23:14:08,586 [INFO] Match trouvé : repo 'KduFoot' → projet 'KduFoot'
2026-09-29 23:14:08,587 [INFO] Projets : 7 -> 8 (+1 nouveaux)
2026-09-29 23:14:08,588 [INFO] Competences : 26 -> 26
2026-09-29 23:14:08,588 [INFO] Certifications : 7 -> 7
2026-09-29 23:14:08,589 [INFO] Parcours : 4 -> 4
2026-09-29 23:14:08,591 [INFO] portfolio_data.json mis à jour avec succès
2026-09-29 23:14:08,591 [INFO] Résumé des changements : Projets: +1 · Compétences: 0 mises à jour · Certifications: 0 changement(s) · Parcours: 0 changement(s)
2026-09-29 23:14:08,591 [INFO] Processeur de données terminé
2026-09-29 23:14:09,207 [INFO] ============================================================
2026-09-29 23:14:09,208 [INFO] Démarrage de la validation
2026-09-29 23:14:09,208 [INFO] ============================================================
2026-09-29 23:14:09,209 [INFO] ✓ JSON valide
2026-09-29 23:14:09,211 [INFO] ✓ Profil validé
2026-09-29 23:14:09,213 [INFO] ✓ 8 projets validés
2026-09-29 23:14:09,214 [INFO] ✓ 26 compétences validées
2026-09-29 23:14:09,215 [INFO] ✓ 7 certifications validées
2026-09-29 23:14:09,217 [INFO] ✓ 4 entrées de parcours validées
2026-09-29 23:14:09,218 [INFO] ----------------------------------------
2026-09-29 23:14:09,218 [INFO] ✓ VALIDATION RÉUSSIE — aucune erreur, aucun avertissement
2026-09-29 23:15:38,861 [INFO] ============================================================
2026-09-29 23:15:38,861 [INFO] Démarrage du processeur de données
2026-09-29 23:15:38,861 [INFO] ============================================================
2026-09-29 23:15:38,861 [WARNING] Fichier introuvable : C:\Users\yanni\Desktop\Development\Mon site perso\data\linkedin_raw.json
2026-09-29 23:15:38,863 [INFO] Match trouvé : repo 'Cadenceur-couleurs' → projet 'Cadenceur-couleurs'
2026-09-29 23:15:38,864 [INFO] Nouveau projet GitHub ajouté : 'caisse_automatique_2026'
2026-09-29 23:15:38,864 [INFO] Match trouvé : repo 'KduFoot' → projet 'KduFoot'
2026-09-29 23:15:38,864 [INFO] Projets : 8 -> 9 (+1 nouveaux)
2026-09-29 23:15:38,865 [INFO] Competences : 26 -> 26
2026-09-29 23:15:38,866 [INFO] Certifications : 7 -> 7
2026-09-29 23:15:38,866 [INFO] Parcours : 4 -> 4
2026-09-29 23:15:38,868 [INFO] portfolio_data.json mis à jour avec succès
2026-09-29 23:15:38,868 [INFO] Résumé des changements : Projets: +1 · Compétences: 0 mises à jour · Certifications: 0 changement(s) · Parcours: 0 changement(s)
2026-09-29 23:15:38,868 [INFO] Processeur de données terminé
2026-09-29 23:15:39,069 [INFO] ============================================================
2026-09-29 23:15:39,069 [INFO] Démarrage de la validation
2026-09-29 23:15:39,070 [INFO] ============================================================
2026-09-29 23:15:39,076 [INFO] ✓ JSON valide
2026-09-29 23:15:39,076 [INFO] ✓ Profil validé
2026-09-29 23:15:39,076 [INFO] ✓ 9 projets validés
2026-09-29 23:15:39,076 [INFO] ✓ 26 compétences validées
2026-09-29 23:15:39,077 [INFO] ✓ 7 certifications validées
2026-09-29 23:15:39,077 [INFO] ✓ 4 entrées de parcours validées
2026-09-29 23:15:39,077 [INFO] ----------------------------------------
2026-09-29 23:15:39,077 [INFO] ✓ VALIDATION RÉUSSIE — aucune erreur, aucun avertissement
2026-09-29 21:54:10,334 [INFO] ============================================================
2026-09-29 21:54:10,334 [INFO] Démarrage du scraper LinkedIn
2026-09-29 21:54:10,334 [INFO] ============================================================
2026-09-29 21:54:10,335 [INFO] Niveau 1 — Tentative 1/3
2026-09-29 21:54:10,335 [INFO] Niveau 1 : Tentative de connexion via linkedin-api...
2026-09-29 21:54:10,969 [ERROR] Niveau 1 échoué : CHALLENGE
2026-09-29 21:54:10,970 [INFO] Attente de 30s avant nouvelle tentative...
2026-09-29 21:54:40,970 [INFO] Niveau 1 — Tentative 2/3
2026-09-29 21:54:40,971 [INFO] Niveau 1 : Tentative de connexion via linkedin-api...
2026-09-29 21:54:41,247 [ERROR] Niveau 1 échoué : CHALLENGE
2026-09-29 21:54:41,248 [INFO] Attente de 30s avant nouvelle tentative...
2026-09-29 21:55:11,249 [INFO] Niveau 1 — Tentative 3/3
2026-09-29 21:55:11,249 [INFO] Niveau 1 : Tentative de connexion via linkedin-api...
2026-09-29 21:55:11,539 [ERROR] Niveau 1 échoué : CHALLENGE
2026-09-29 21:55:11,540 [INFO] Niveau 1 épuisé — passage au niveau 2
2026-09-29 21:55:11,541 [INFO] Niveau 2 — Tentative 1/3
2026-09-29 21:55:11,541 [INFO] Niveau 2 : Tentative de scraping du profil public...
2026-09-29 21:55:12,248 [WARNING] Niveau 2 : HTTP 999 — profil public inaccessible
2026-09-29 21:55:12,249 [INFO] Attente de 30s avant nouvelle tentative...
2026-09-29 21:55:42,249 [INFO] Niveau 2 — Tentative 2/3
2026-09-29 21:55:42,249 [INFO] Niveau 2 : Tentative de scraping du profil public...
2026-09-29 21:55:42,955 [WARNING] Niveau 2 : HTTP 999 — profil public inaccessible
2026-09-29 21:55:42,955 [INFO] Attente de 30s avant nouvelle tentative...
2026-09-29 21:56:12,956 [INFO] Niveau 2 — Tentative 3/3
2026-09-29 21:56:12,956 [INFO] Niveau 2 : Tentative de scraping du profil public...
2026-09-29 21:56:13,647 [WARNING] Niveau 2 : HTTP 999 — profil public inaccessible
2026-09-29 21:56:13,648 [INFO] Niveaux 1 et 2 épuisés — passage au niveau 3 (fallback)
2026-09-29 21:56:13,648 [INFO] Niveau 3 : Conservation des données existantes
2026-09-29 21:56:13,648 [WARNING] Niveau 3 : Aucune donnée existante disponible
2026-09-29 21:56:13,648 [INFO] Données sauvegardées dans /home/runner/work/portfolio-yannidelattrebalcer/portfolio-yannidelattrebalcer/data/linkedin_raw.json
2026-09-29 21:56:13,648 [INFO] Scraper LinkedIn terminé
2026-09-29 21:56:13,722 [INFO] ============================================================
2026-09-29 21:56:13,722 [INFO] Démarrage du scraper GitHub
2026-09-29 21:56:13,722 [INFO] ============================================================
2026-09-29 21:56:13,869 [INFO] Authentification via GITHUB_TOKEN
2026-09-29 21:56:14,075 [INFO] Profil trouvé : Yanni-Delattre-Balcer (5 repos publics)
2026-09-29 21:56:14,537 [INFO]   Exclu (nom contient 'portfolio') : portfolio-yannidelattrebalcer
2026-09-29 21:56:16,323 [INFO]   [OK] Cadenceur-couleurs - HTML - 2 commits - maj 2026-09-02 14:41:08+00:00
2026-09-29 21:56:16,324 [INFO]   Exclu (nom contient 'yanni-delattre-balcer') : Yanni-Delattre-Balcer
2026-09-29 21:56:17,986 [INFO]   [OK] caisse_automatique_2026 - JavaScript - 25 commits - maj 2026-04-25 07:48:57+00:00
2026-09-29 21:56:19,730 [INFO]   [OK] KduFoot - TypeScript - 438 commits - maj 2026-04-23 13:02:55+00:00
2026-09-29 21:56:20,170 [INFO] Données sauvegardées dans /home/runner/work/portfolio-yannidelattrebalcer/portfolio-yannidelattrebalcer/data/github_raw.json
2026-09-29 21:56:20,170 [INFO] Résumé : 3 repos retenus, 8 langages détectés
2026-09-29 21:56:20,171 [INFO] Scraper GitHub terminé
2026-09-29 21:56:20,252 [INFO] ============================================================
2026-09-29 21:56:20,252 [INFO] Démarrage du processeur de données
2026-09-29 21:56:20,252 [INFO] ============================================================
2026-09-29 21:56:20,253 [INFO] Match trouvé : repo 'Cadenceur-couleurs' → projet 'Cadenceur-couleurs'
2026-09-29 21:56:20,254 [INFO] Nouveau projet GitHub ajouté : 'caisse_automatique_2026'
2026-09-29 21:56:20,254 [INFO] Match trouvé : repo 'KduFoot' → projet 'KduFoot'
2026-09-29 21:56:20,254 [INFO] Projets : 9 -> 10 (+1 nouveaux)
2026-09-29 21:56:20,254 [INFO] Competences : 26 -> 26
2026-09-29 21:56:20,255 [INFO] Certifications : 7 -> 7
2026-09-29 21:56:20,255 [INFO] Parcours : 4 -> 4
2026-09-29 21:56:20,255 [INFO] Posts LinkedIn : pas de nouveaux (conserve 3 existants)
2026-09-29 21:56:20,256 [INFO] portfolio_data.json mis à jour avec succès
2026-09-29 21:56:20,256 [INFO] Résumé des changements : Projets: +1 · Compétences: 0 mises à jour · Certifications: 0 changement(s) · Parcours: 0 changement(s)
2026-09-29 21:56:20,256 [INFO] Processeur de données terminé
2026-09-29 21:56:20,381 [INFO] ============================================================
2026-09-29 21:56:20,381 [INFO] Démarrage de la validation
2026-09-29 21:56:20,381 [INFO] ============================================================
2026-09-29 21:56:20,381 [INFO] ✓ JSON valide
2026-09-29 21:56:20,381 [INFO] ✓ Profil validé
2026-09-29 21:56:20,381 [INFO] ✓ 10 projets validés
2026-09-29 21:56:20,382 [INFO] ✓ 26 compétences validées
2026-09-29 21:56:20,382 [INFO] ✓ 7 certifications validées
2026-09-29 21:56:20,382 [INFO] ✓ 4 entrées de parcours validées
2026-09-29 21:56:20,382 [INFO] ----------------------------------------
2026-09-29 21:56:20,382 [INFO] ✓ VALIDATION RÉUSSIE — aucune erreur, aucun avertissement
2026-09-30 00:07:07,478 [INFO] ============================================================
2026-09-30 00:07:07,479 [INFO] Démarrage du scraper LinkedIn
2026-09-30 00:07:07,479 [INFO] ============================================================
2026-09-30 00:07:07,479 [INFO] Niveau 1 — Tentative 1/3
2026-09-30 00:07:07,479 [INFO] Niveau 1 : Tentative de connexion via linkedin-api...
2026-09-30 00:07:07,479 [ERROR] Niveau 1 échoué : No module named 'linkedin_api'
2026-09-30 00:07:07,480 [INFO] Attente de 30s avant nouvelle tentative...
2026-10-04 20:50:43,092 [INFO] ============================================================
2026-10-04 20:50:43,092 [INFO] Démarrage du scraper LinkedIn
2026-10-04 20:50:43,092 [INFO] ============================================================
2026-10-04 20:50:43,092 [INFO] Niveau 1 — Tentative 1/3
2026-10-04 20:50:43,092 [INFO] Niveau 1 : Tentative de connexion via linkedin-api...
2026-10-04 20:50:43,272 [INFO] Utilisation du cookie de session LI_AT...
2026-10-04 20:50:43,613 [ERROR] Niveau 1 échoué : CHALLENGE
2026-10-04 20:50:43,614 [INFO] Attente de 30s avant nouvelle tentative...
2026-10-04 20:51:13,614 [INFO] Niveau 1 — Tentative 2/3
2026-10-04 20:51:13,614 [INFO] Niveau 1 : Tentative de connexion via linkedin-api...
2026-10-04 20:51:13,614 [INFO] Utilisation du cookie de session LI_AT...
2026-10-04 20:51:13,918 [ERROR] Niveau 1 échoué : CHALLENGE
2026-10-04 20:51:13,918 [INFO] Attente de 30s avant nouvelle tentative...
2026-10-04 20:51:43,919 [INFO] Niveau 1 — Tentative 3/3
2026-10-04 20:51:43,919 [INFO] Niveau 1 : Tentative de connexion via linkedin-api...
2026-10-04 20:51:43,920 [INFO] Utilisation du cookie de session LI_AT...
2026-10-04 20:51:44,102 [ERROR] Niveau 1 échoué : CHALLENGE
2026-10-04 20:51:44,103 [INFO] Niveau 1 épuisé — passage au niveau 2
2026-10-04 20:51:44,103 [INFO] Niveau 2 — Tentative 1/3
2026-10-04 20:51:44,103 [INFO] Niveau 2 : Tentative de scraping du profil public...
2026-10-04 20:51:44,798 [WARNING] Niveau 2 : HTTP 999 — profil public inaccessible
2026-10-04 20:51:44,799 [INFO] Attente de 30s avant nouvelle tentative...
2026-10-04 20:52:14,799 [INFO] Niveau 2 — Tentative 2/3
2026-10-04 20:52:14,799 [INFO] Niveau 2 : Tentative de scraping du profil public...
2026-10-04 20:52:15,426 [WARNING] Niveau 2 : HTTP 999 — profil public inaccessible
2026-10-04 20:52:15,426 [INFO] Attente de 30s avant nouvelle tentative...
2026-10-04 20:52:45,427 [INFO] Niveau 2 — Tentative 3/3
2026-10-04 20:52:45,427 [INFO] Niveau 2 : Tentative de scraping du profil public...
2026-10-04 20:52:46,031 [WARNING] Niveau 2 : HTTP 999 — profil public inaccessible
2026-10-04 20:52:46,031 [INFO] Niveaux 1 et 2 épuisés — passage au niveau 3 (fallback)
2026-10-04 20:52:46,032 [INFO] Niveau 3 : Conservation des données existantes
2026-10-04 20:52:46,032 [INFO] Données existantes chargées depuis linkedin_raw.json
2026-10-04 20:52:46,032 [INFO] Niveau 3 : Données existantes conservées avec succès
2026-10-04 20:52:46,032 [INFO] Données sauvegardées dans /home/runner/work/portfolio-yannidelattrebalcer/portfolio-yannidelattrebalcer/data/linkedin_raw.json
2026-10-04 20:52:46,032 [INFO] Scraper LinkedIn terminé
2026-10-04 20:52:46,092 [INFO] ============================================================
2026-10-04 20:52:46,092 [INFO] Démarrage du scraper GitHub
2026-10-04 20:52:46,093 [INFO] ============================================================
2026-10-04 20:52:46,211 [INFO] Authentification via GITHUB_TOKEN
2026-10-04 20:52:46,385 [INFO] Profil trouvé : Yanni-Delattre-Balcer (5 repos publics)
2026-10-04 20:52:46,924 [INFO]   Exclu (nom contient 'portfolio') : portfolio-yannidelattrebalcer
2026-10-04 20:52:48,750 [INFO]   [OK] KduFoot - TypeScript - 438 commits - maj 2026-09-29 22:08:32+00:00
2026-10-04 20:52:48,750 [INFO]   Exclu (nom contient 'yanni-delattre-balcer') : Yanni-Delattre-Balcer
2026-10-04 20:52:50,580 [INFO]   [OK] caisse_automatique_2026 - JavaScript - 25 commits - maj 2026-09-29 22:08:30+00:00
2026-10-04 20:52:52,406 [INFO]   [OK] Cadenceur-couleurs - HTML - 2 commits - maj 2026-09-29 22:08:27+00:00
2026-10-04 20:52:52,918 [INFO] Données sauvegardées dans /home/runner/work/portfolio-yannidelattrebalcer/portfolio-yannidelattrebalcer/data/github_raw.json
2026-10-04 20:52:52,918 [INFO] Résumé : 3 repos retenus, 8 langages détectés
2026-10-04 20:52:52,918 [INFO] Scraper GitHub terminé
2026-10-04 20:52:52,987 [INFO] ============================================================
2026-10-04 20:52:52,987 [INFO] Démarrage du processeur de données
2026-10-04 20:52:52,987 [INFO] ============================================================
2026-10-04 20:52:52,988 [INFO] Match trouvé : repo 'KduFoot' → projet 'KduFoot'
2026-10-04 20:52:52,988 [INFO] Nouveau projet GitHub ajouté : 'caisse_automatique_2026'
2026-10-04 20:52:52,988 [INFO] Match trouvé : repo 'Cadenceur-couleurs' → projet 'Cadenceur-couleurs'
2026-10-04 20:52:52,988 [INFO] Projets : 10 -> 11 (+1 nouveaux)
2026-10-04 20:52:52,989 [INFO] Competences : 26 -> 26
2026-10-04 20:52:52,989 [INFO] Certifications : 7 -> 7
2026-10-04 20:52:52,989 [INFO] Parcours : 4 -> 4
2026-10-04 20:52:52,989 [INFO] Posts LinkedIn : pas de nouveaux (conserve 3 existants)
2026-10-04 20:52:52,990 [INFO] portfolio_data.json mis à jour avec succès
2026-10-04 20:52:52,990 [INFO] Résumé des changements : Projets: +1 · Compétences: 0 mises à jour · Certifications: 0 changement(s) · Parcours: 0 changement(s)
2026-10-04 20:52:52,990 [INFO] Processeur de données terminé
2026-10-04 20:52:53,091 [INFO] ============================================================
2026-10-04 20:52:53,092 [INFO] Démarrage de la validation
2026-10-04 20:52:53,092 [INFO] ============================================================
2026-10-04 20:52:53,092 [INFO] ✓ JSON valide
2026-10-04 20:52:53,092 [INFO] ✓ Profil validé
2026-10-04 20:52:53,092 [INFO] ✓ 11 projets validés
2026-10-04 20:52:53,092 [INFO] ✓ 26 compétences validées
2026-10-04 20:52:53,092 [INFO] ✓ 7 certifications validées
2026-10-04 20:52:53,092 [INFO] ✓ 4 entrées de parcours validées
2026-10-04 20:52:53,092 [INFO] ----------------------------------------
2026-10-04 20:52:53,092 [INFO] ✓ VALIDATION RÉUSSIE — aucune erreur, aucun avertissement
